./.venv/bin/python transform/scripts/snapshot_data_profile.py --db data/dev.duckdb --check
❌  data-profile drift (197):
    dim_compounds_season.row_count: 403 → 510 (+26.6%)
    dim_compounds_season.compound_code.share['HARD']: 0.290323 → 0.27451 (-0.0158)
    dim_compounds_season.compound_code: NEW category 'HYPERSOFT' at share 0.011765
    dim_compounds_season.compound_code.share['MEDIUM']: 0.325062 → 0.3 (-0.0251)
    dim_compounds_season.compound_code.share['SOFT']: 0.322581 → 0.296078 (-0.0265)
    dim_compounds_season.compound_code: NEW category 'SUPERSOFT' at share 0.029412
    dim_compounds_season.compound_code: NEW category 'ULTRASOFT' at share 0.027451
    dim_compounds_season.notes.n_distinct: 104 → 107
    dim_constructors.row_count: 18 → 19 (+5.6%)
    dim_constructors.constructor_id: NEW category 'Racing Bulls' at share 0.052632
    dim_constructors.pu_family.share['ferrari_pu']: 0.222222 → 0.210526 (-0.0117)
    dim_constructors.pu_family.share['honda_pu']: 0.222222 → 0.210526 (-0.0117)
    dim_constructors.pu_family.share['mercedes_pu']: 0.333333 → 0.315789 (-0.0175)
    dim_constructors.pu_family.share['unknown_pu']: 0.111111 → 0.157895 (+0.0468)
    dim_corners.row_count: 2441 → 2844 (+16.5%)
    dim_corners.corner_key.n_distinct: 2441 → 2844
    dim_corners.geometry_race_id.n_distinct: 143 → 167
    dim_corners.race_id.n_distinct: 147 → 171
    dim_drivers.row_count: 40 → 43 (+7.5%)
    dim_drivers.career_races_in_dataset.mean: 74.325 → 80.209302
    dim_drivers.driver_id: category vector gone (now high-cardinality, 43 distinct)
    dim_drivers.driver_number: NEW category '12' at share 0.023256
    dim_drivers.driver_number.share['5']: 0.025 → 0.046512 (+0.0215)
    dim_drivers.driver_number: category '50' GONE (was 0.025)
    dim_drivers.driver_number.share['6']: 0.025 → 0.046512 (+0.0215)
    dim_drivers.driver_number: category '61' GONE (was 0.025)
    dim_drivers.driver_number.share['7']: 0.025 → 0.046512 (+0.0215)
    dim_drivers.driver_number: NEW category '87' at share 0.023256
    fct_cliff_prediction_features.row_count: 137447 → 160207 (+16.6%)
    fct_cliff_prediction_features.ambient_temp_delta.mean: 1.29332 → 0.441278
    fct_cliff_prediction_features.cliff_onset_passed.share['false']: 0.765983 → 0.736953 (-0.0290)
    fct_cliff_prediction_features.cliff_onset_passed.share['true']: 0.233981 → 0.260657 (+0.0267)
    fct_cliff_prediction_features.compound_cliff_onset_laps.null_rate: 0.063894 → 0.012409
    fct_cliff_prediction_features.compound_cliff_severity.null_rate: 0.063894 → 0.012409
    fct_cliff_prediction_features.compound_grip_peak.null_rate: 0.063894 → 0.012409
    fct_cliff_prediction_features.compound_optimal_temp_high.null_rate: 0.063894 → 0.012409
    fct_cliff_prediction_features.compound_optimal_temp_low.null_rate: 0.063894 → 0.012409
    fct_cliff_prediction_features.compound_wear_gradient.null_rate: 0.063894 → 0.012409
    fct_cliff_prediction_features.constructor_id.share['Kick Sauber']: 0.017243 → 0.028189 (+0.0109)
    fct_cliff_prediction_features.constructor_id: NEW category 'Racing Bulls' at share 0.014125
    fct_cliff_prediction_features.cumulative_push_load_bulk.null_rate: 0.0 → 0.051477
    fct_cliff_prediction_features.cumulative_push_load_bulk.mean: 1.193386 → 1.78912
    fct_cliff_prediction_features.cumulative_push_load_surface.null_rate: 0.0 → 0.051477
    fct_cliff_prediction_features.cumulative_push_load_surface.mean: 0.852803 → 1.237027
    fct_cliff_prediction_features.dirty_air_thermal_load_bulk.mean: 0.379291 → 0.390971
    fct_cliff_prediction_features.dirty_air_thermal_load_surface.mean: 0.415411 → 0.428856
    fct_cliff_prediction_features.driver_id: category vector gone (now high-cardinality, 43 distinct)
    fct_cliff_prediction_features.expected_compound_pace_s.mean: 3.540987 → 2.296833
    fct_cliff_prediction_features.expected_degradation_rate_s_per_lap.mean: 0.901996 → 0.090384
    fct_cliff_prediction_features.lap_id.n_distinct: 137447 → 160207
    fct_cliff_prediction_features.laps_past_cliff.mean: 1.980739 → 2.346155
    fct_cliff_prediction_features.laps_until_cliff_class.share['6_plus']: 0.108747 → 0.142772 (+0.0340)
    fct_cliff_prediction_features.laps_until_cliff_class.share['none_in_stint']: 0.651393 → 0.62021 (-0.0312)
    fct_cliff_prediction_features.lift_coast_share.mean: 0.076948 → 0.07535
    fct_cliff_prediction_features.mid_corner_speed_loss_kph.mean: 0.213157 → 0.405745
    fct_cliff_prediction_features.next_3_lap_cumulative_jump_s.mean: -0.64634 → -0.105781
    fct_cliff_prediction_features.next_5_lap_cumulative_jump_s.mean: -1.705659 → -0.393889
    fct_cliff_prediction_features.next_lap_degradation_jump_detrended_s.mean: -0.092216 → 0.005829
    fct_cliff_prediction_features.next_lap_degradation_jump_s.mean: -0.142593 → -0.002344
    fct_cliff_prediction_features.pct_drs_active.mean: 0.030717 → 0.032032
    fct_cliff_prediction_features.push_residual.null_rate: 0.002757 → 0.051477
    fct_cliff_prediction_features.push_residual.mean: -0.029012 → 0.209781
    fct_cliff_prediction_features.race_id.n_distinct: 147 → 171
    fct_cliff_prediction_features.stint_id.n_distinct: 7094 → 8247
    fct_cliff_prediction_features.survival_weight.mean: 1.801313 → 1.948031
    fct_cliff_prediction_features.throttle_trace_decay.mean: -0.006544 → -0.006695
    fct_cliff_prediction_features.traction_wheelspin_proxy.mean: 0.030438 → 0.031819
    fct_driver_skill_features.row_count: 2832 → 3293 (+16.3%)
    fct_driver_skill_features.constructor_aero_pace_index_final.mean: -0.002652 → -0.0028
    fct_driver_skill_features.constructor_id.share['Kick Sauber']: 0.016949 → 0.027938 (+0.0110)
    fct_driver_skill_features.constructor_id: NEW category 'Racing Bulls' at share 0.013969
    fct_driver_skill_features.constructor_power_pace_index_final.mean: -0.002652 → -0.0028
    fct_driver_skill_features.driver_id: category vector gone (now high-cardinality, 43 distinct)
    fct_driver_skill_features.driver_race_id.n_distinct: 2832 → 3293
    fct_driver_skill_features.driver_residual_mean_s.mean: -3.48605 → -2.209152
    fct_driver_skill_features.driver_residual_median_s.mean: -2.939395 → -2.151539
    fct_driver_skill_features.driver_residual_stddev_s.mean: 2.386427 → 1.160709
    fct_driver_skill_features.driver_skill_proxy_mean_s.mean: 0.069073 → 0.053621
    fct_driver_skill_features.ml_eligible_lap_share.mean: 0.768947 → 0.798185
    fct_driver_skill_features.pair_quality_weight_mean.mean: 0.616752 → 0.661397
    fct_driver_skill_features.pu_family.share['honda_pu']: 0.198799 → 0.184938 (-0.0139)
    fct_driver_skill_features.pu_family.share['unknown_pu']: 0.05791 → 0.077133 (+0.0192)
    fct_driver_skill_features.race_id.n_distinct: 147 → 171
    fct_driver_skill_features.race_wet_flag.share['false']: 0.897599 → 0.90829 (+0.0107)
    fct_driver_skill_features.race_wet_flag.share['true']: 0.102401 → 0.09171 (-0.0107)
    fct_ghost_car_pace.row_count: 1283006 → 1501422 (+17.0%)
    fct_ghost_car_pace.ambient_component_s.mean: -0.002018 → -0.001773
    fct_ghost_car_pace.circuit_interaction_s.mean: 0.000431 → 0.000751
    fct_ghost_car_pace.cliff_interaction_s.mean: -0.025625 → -0.000168
    fct_ghost_car_pace.compound_cliff_severity.mean: 0.769232 → 0.815802
    fct_ghost_car_pace.compound_component_s.mean: 3.544667 → 2.28967
    fct_ghost_car_pace.deg_interaction_s.mean: 0.002309 → 0.000523
    fct_ghost_car_pace.delta_vs_actual_lap_s.mean: 0.00501 → 0.027266
    fct_ghost_car_pace.dirty_air_tax_s.mean: 0.110356 → 0.034395
    fct_ghost_car_pace.driver_skill_residual_s.mean: -3.43591 → -2.110497
    fct_ghost_car_pace.ego_cliff_active.mean: 0.245956 → 0.272207
    fct_ghost_car_pace.ego_cliff_shift_laps.mean: -0.022988 → 0.01932
    fct_ghost_car_pace.ego_cliff_shift_se_laps.mean: 0.170262 → 0.109631
    fct_ghost_car_pace.ego_constructor_id.share['Kick Sauber']: 0.017334 → 0.028518 (+0.0112)
    fct_ghost_car_pace.ego_constructor_id: NEW category 'Racing Bulls' at share 0.014461
    fct_ghost_car_pace.ego_deg_slope_s_per_lap.mean: 0.001592 → 0.001005
    fct_ghost_car_pace.ego_deg_slope_sd_s_per_lap.mean: 0.005059 → 0.004846
    fct_ghost_car_pace.ego_driver_id: category vector gone (now high-cardinality, 43 distinct)
    fct_ghost_car_pace.ghost_id.n_distinct: 1283006 → 1501422
    fct_ghost_car_pace.host_cliff_active.mean: 0.245048 → 0.272053
    fct_ghost_car_pace.host_cliff_shift_laps.mean: 0.035503 → 0.024973
    fct_ghost_car_pace.host_cliff_shift_se_laps.mean: 0.170264 → 0.110586
    fct_ghost_car_pace.host_constructor_id.share['Kick Sauber']: 0.017277 → 0.029406 (+0.0121)
    fct_ghost_car_pace.host_constructor_id: NEW category 'Racing Bulls' at share 0.014348
    fct_ghost_car_pace.host_deg_slope_s_per_lap.mean: 0.001673 → 0.001132
    fct_ghost_car_pace.host_deg_slope_sd_s_per_lap.mean: 0.00514 → 0.00491
    fct_ghost_car_pace.race_id.n_distinct: 147 → 171
    fct_ghost_car_pace.rubber_component_s.mean: 0.000363 → 0.000267
    fct_ghost_race_finish.row_count: 27502 → 32075 (+16.6%)
    fct_ghost_race_finish.delta_vs_actual_position.mean: 0.51861 → 0.469353
    fct_ghost_race_finish.ego_driver_id: category vector gone (now high-cardinality, 43 distinct)
    fct_ghost_race_finish.finish_pos_se.mean: 1.248959 → 1.294259
    fct_ghost_race_finish.ghost_race_id.n_distinct: 27502 → 32075
    fct_ghost_race_finish.host_constructor_id.share['Kick Sauber']: 0.016835 → 0.028776 (+0.0119)
    fct_ghost_race_finish.host_constructor_id: NEW category 'Racing Bulls' at share 0.013843
    fct_ghost_race_finish.predicted_mean_lap_se_s.mean: 0.326346 → 0.30763
    fct_ghost_race_finish.race_id.n_distinct: 146 → 170
    fct_lap_residuals.row_count: 137447 → 160207 (+16.6%)
    fct_lap_residuals.ambient_component_s.mean: -0.001748 → -0.00149
    fct_lap_residuals.ambient_temp_delta.mean: 1.29332 → 0.441278
    fct_lap_residuals.cliff_onset_passed.share['false']: 0.765983 → 0.736953 (-0.0290)
    fct_lap_residuals.cliff_onset_passed.share['true']: 0.233981 → 0.260657 (+0.0267)
    fct_lap_residuals.compound_component_s.mean: 3.540987 → 2.296833
    fct_lap_residuals.constructor_component_ci_low_s.mean: -0.288034 → -0.280561
    fct_lap_residuals.constructor_component_s.mean: -0.026596 → -0.025133
    fct_lap_residuals.constructor_component_se_s.mean: 0.325201 → 0.246997
    fct_lap_residuals.constructor_id.share['Kick Sauber']: 0.017243 → 0.028189 (+0.0109)
    fct_lap_residuals.constructor_id: NEW category 'Racing Bulls' at share 0.014125
    fct_lap_residuals.cumulative_dirty_air_tax_race_s.mean: 3.029109 → 0.949416
    fct_lap_residuals.dirty_air_tax_s.mean: 0.10376 → 0.032453
    fct_lap_residuals.dirty_air_tax_se_s.mean: 0.015564 → 0.004868
    fct_lap_residuals.driver_id: category vector gone (now high-cardinality, 43 distinct)
    fct_lap_residuals.driver_skill_residual_s.mean: -3.444742 → -2.135704
    fct_lap_residuals.expected_degradation_rate_s_per_lap.mean: 0.901996 → 0.090384
    fct_lap_residuals.lap_id.n_distinct: 137447 → 160207
    fct_lap_residuals.laps_past_cliff.mean: 1.980739 → 2.346155
    fct_lap_residuals.ml_eligible.share['false']: 0.171157 → 0.076382 (-0.0948)
    fct_lap_residuals.ml_eligible.share['true']: 0.828843 → 0.923618 (+0.0948)
    fct_lap_residuals.pu_family.share['honda_pu']: 0.198928 → 0.185329 (-0.0136)
    fct_lap_residuals.pu_family.share['unknown_pu']: 0.059514 → 0.07858 (+0.0191)
    fct_lap_residuals.race_id.n_distinct: 147 → 171
    fct_lap_residuals.rubber_component_s.mean: 0.000883 → 0.000763
    fct_lap_residuals.stint_id.n_distinct: 7094 → 8247
    fct_lap_residuals.total_explained_s.mean: 5.122068 → 3.809572
    fct_lap_residuals.track_unexplained_s.mean: -0.003893 → -0.003814
    fct_stint_features.row_count: 8333 → 9643 (+15.7%)
    fct_stint_features.cliff_lap_in_stint.null_rate: 0.932677 → 0.861972
    fct_stint_features.cliff_lap_in_stint.mean: 31.331551 → 26.347107
    fct_stint_features.constructor_id.share['Kick Sauber']: 0.016201 → 0.027274 (+0.0111)
    fct_stint_features.constructor_id: NEW category 'Racing Bulls' at share 0.012755
    fct_stint_features.cumulative_dirty_air_tax_s.mean: 1.711448 → 0.539175
    fct_stint_features.cumulative_thermal_load_end.mean: 2.008195 → 1.7295
    fct_stint_features.driver_id: category vector gone (now high-cardinality, 43 distinct)
    fct_stint_features.end_of_stint_pace_falloff_s_per_lap.mean: -0.354572 → -0.122134
    fct_stint_features.pit_decision_class.share['early']: 0.215409 → 0.255107 (+0.0397)
    fct_stint_features.pit_decision_class.share['optimal']: 0.085803 → 0.069792 (-0.0160)
    fct_stint_features.pit_decision_class.share['unknown']: 0.031921 → 0.009541 (-0.0224)
    fct_stint_features.race_id.n_distinct: 149 → 173
    fct_stint_features.starting_tyre_age_laps.mean: 0.944431 → 1.007744
    fct_stint_features.stint_id.n_distinct: 8333 → 9643
    fct_stint_features.tyre_management_score.null_rate: 0.580823 → 0.551903
    fct_stint_features.tyre_management_score.mean: -1.05264 → -0.961397
    fct_telemetry_deltas.row_count: 24501520 → 28628356 (+16.8%)
    fct_telemetry_deltas.braking_point_delta_m.mean: -0.117663 → -0.15257
    fct_telemetry_deltas.driver_a: category vector gone (now high-cardinality, 41 distinct)
    fct_telemetry_deltas.driver_b: category vector gone (now high-cardinality, 41 distinct)
    fct_telemetry_deltas.race_id.n_distinct: 145 → 169
    fct_telemetry_deltas.throttle_point_delta_m.mean: 0.498562 → 0.541394
    fct_telemetry_deltas.v_min_delta_kph.mean: -0.05513 → -0.1139
    mart_corner_skill_driver.row_count: 141 → 161 (+14.2%)
    mart_corner_skill_driver.braking_skill_s.mean: -0.000135 → 3.6e-05
    mart_corner_skill_driver.braking_skill_z.mean: -0.001844 → -0.000311
    mart_corner_skill_driver.constructor_id.share['Kick Sauber']: 0.014184 → 0.024845 (+0.0107)
    mart_corner_skill_driver.constructor_id: NEW category 'Racing Bulls' at share 0.012422
    mart_corner_skill_driver.corner_skill_index.mean: 0.001007 → 0.002201
    mart_corner_skill_driver.exit_cells_n.mean: 182.241135 → 186.099379
    mart_corner_skill_driver.exit_skill_s.mean: -0.000711 → -0.000418
    mart_corner_skill_driver.exit_skill_z.mean: -0.006475 → -0.003899
    mart_corner_skill_driver.mapped_corners.mean: 271.716312 → 281.385093
    mart_corner_skill_driver.mid_cells_n.mean: 271.716312 → 281.385093
    mart_corner_skill_driver.mid_corner_skill_s.mean: 0.000345 → 0.000217
    mart_corner_skill_driver.mid_corner_skill_z.mean: 0.009078 → 0.006149
    mart_degradation_history_envelope.row_count: 7860 → 8128 (+3.4%)
    mart_degradation_history_envelope.era.share['post2022']: 0.39173 → 0.411786 (+0.0201)
    mart_degradation_history_envelope.era.share['pre2022']: 0.60827 → 0.588214 (-0.0201)
    mart_degradation_history_envelope.n_observations.mean: 31.791985 → 35.863804
    mart_degradation_history_envelope.obs_deg_from_fresh_p10_mono_s.null_rate: 0.08626 → 0.115281
    mart_degradation_history_envelope.obs_deg_from_fresh_p10_s.mean: -1.257397 → -1.314268
    mart_degradation_history_envelope.obs_deg_from_fresh_p50_mono_s.null_rate: 0.08626 → 0.115281
    mart_degradation_history_envelope.obs_deg_from_fresh_p50_s.mean: 0.216038 → 0.202688
    mart_degradation_history_envelope.obs_deg_from_fresh_p90_mono_s.null_rate: 0.08626 → 0.115281
    mart_degradation_history_envelope.obs_deg_from_fresh_p90_s.mean: 2.053595 → 2.147571
make: *** [data-profile-check] Error 1
make data-profile-check  2.30s user 0.43s system 152% cpu 1.794 total
exit=2
