2018-2024 (decides): raw var 0.43923
   adj_seed   var 0.45418  change vs raw +3.403%
   adj_C_cf   var 0.44060  change vs raw +0.311%
   adj_C_in   var 0.44018  change vs raw +0.215%
   mean |seed dC| 0.104 s; mean |spline dg| 0.048 s
2025 (confirm): raw var 0.33780
   adj_seed   var 0.34674  change vs raw +2.649%
   adj_C_cf   var 0.33981  change vs raw +0.597%
   adj_C_in   var 0.33950  change vs raw +0.505%
   mean |seed dC| 0.110 s; mean |spline dg| 0.062 s

In-sample curves g(age) - g(lo), s  [laps in group]:
  2018|OTHER         knots [ 2.  9. 14. 19. 28. 52.]  2:+0.00 5:+0.90 10:+0.95 15:+1.07 20:+1.16 25:+1.07 30:+0.96 40:+0.93
  2018|SOFT          knots [ 2. 10. 15. 21. 29. 49.]  2:+0.00 5:+0.19 10:+0.18 15:+0.11 20:+0.12 25:+0.12 30:+0.09 40:+0.20
  2018|SUPERSOFT     knots [ 2. 10. 16. 22. 32. 54.]  2:+0.00 5:+0.54 10:+0.54 15:+0.60 20:+0.68 25:+0.68 30:+0.64 40:+0.54
  post2022|HARD      knots [ 2.  8. 13. 19. 27. 50.]  2:+0.00 5:+0.43 10:+0.77 15:+1.13 20:+1.47 25:+1.77 30:+2.03 40:+2.54
  post2022|MEDIUM    knots [ 2.  6. 11. 15. 21. 43.]  2:+0.00 5:+0.58 10:+0.99 15:+1.35 20:+1.67 25:+1.95 30:+2.21 40:+2.72
  post2022|SOFT      knots [ 2.  6. 10. 13. 18. 32.]  2:+0.00 5:+0.47 10:+0.91 15:+1.36 20:+1.70 25:+2.05 30:+2.62 40:+2.96
  pre2022|HARD       knots [ 2.  8. 14. 20. 29. 53.]  2:+0.00 5:+0.27 10:+0.26 15:+0.17 20:+0.12 25:+0.03 30:-0.07 40:-0.17
  pre2022|MEDIUM     knots [ 2.  8. 12. 18. 24. 44.]  2:+0.00 5:+0.00 10:+0.06 15:+0.03 20:+0.03 25:-0.03 30:-0.05 40:-0.18
  pre2022|SOFT       knots [ 2.  8. 12. 16. 22. 35.]  2:+0.00 5:+0.01 10:+0.28 15:+0.30 20:+0.27 25:+0.29 30:+0.40 40:+0.30
