2018-2024 (decides): raw var 0.43923
   adj_seed   var 0.45418  change vs raw +3.403%
   adj_C_cf   var 0.44055  change vs raw +0.299%
   adj_C_in   var 0.44025  change vs raw +0.231%
   mean |seed dC| 0.104 s; mean |spline dg| 0.047 s
2025 (confirm): raw var 0.33780
   adj_seed   var 0.34674  change vs raw +2.649%
   adj_C_cf   var 0.33972  change vs raw +0.570%
   adj_C_in   var 0.33948  change vs raw +0.497%
   mean |seed dC| 0.110 s; mean |spline dg| 0.062 s

In-sample curves g(age) - g(lo), s  [laps in group]:
  2018|OTHER         knots [ 2. 10. 16. 25. 52.]  2:+0.00 5:+0.87 10:+0.95 15:+1.10 20:+1.18 25:+1.11 30:+1.05 40:+1.00
  2018|SOFT          knots [ 2. 11. 18. 27. 49.]  2:+0.00 5:+0.19 10:+0.20 15:+0.16 20:+0.16 25:+0.19 30:+0.18 40:+0.31
  2018|SUPERSOFT     knots [ 2. 11. 19. 29. 54.]  2:+0.00 5:+0.49 10:+0.55 15:+0.58 20:+0.71 25:+0.72 30:+0.68 40:+0.62
  post2022|HARD      knots [ 2.  9. 16. 25. 50.]  2:+0.00 5:+0.42 10:+0.76 15:+1.12 20:+1.46 25:+1.76 30:+2.03 40:+2.53
  post2022|MEDIUM    knots [ 2.  8. 13. 20. 43.]  2:+0.00 5:+0.56 10:+0.96 15:+1.33 20:+1.65 25:+1.93 30:+2.19 40:+2.71
  post2022|SOFT      knots [ 2.  7. 11. 17. 32.]  2:+0.00 5:+0.48 10:+0.94 15:+1.36 20:+1.72 25:+2.05 30:+2.62 40:+2.98
  pre2022|HARD       knots [ 2.  9. 17. 26. 53.]  2:+0.00 5:+0.28 10:+0.28 15:+0.22 20:+0.16 25:+0.10 30:+0.03 40:-0.06
  pre2022|MEDIUM     knots [ 2.  9. 15. 22. 44.]  2:+0.00 5:+0.04 10:+0.10 15:+0.10 20:+0.09 25:+0.08 30:+0.07 40:-0.05
  pre2022|SOFT       knots [ 2.  9. 14. 20. 35.]  2:+0.00 5:+0.08 10:+0.34 15:+0.37 20:+0.36 25:+0.42 30:+0.50 40:+0.48
