
## races with >= 3 stint boundaries that have no pit stop behind them
 race_year race_id  boundaries_without_pit  pits_without_boundary  pit_stops
      2018  2018_3                      26                     29         30
      2025  2025_6                      12                     12         18
      2022 2022_11                       6                     19         42
      2018  2018_2                       4                      4         33
      2018 2018_18                       4                      4         24
      2020  2020_1                       4                      4         38
      2018 2018_15                       3                      4         25

## by season
 race_year  pit_stops  boundaries_without_pit  pits_without_boundary  races_ge5
      2018      533.0                    44.0                   46.0          1
      2019      647.0                     8.0                    8.0          0
      2020      594.0                     6.0                    6.0          0
      2021      796.0                     0.0                    1.0          0
      2022      804.0                     7.0                   41.0          1
      2023      912.0                     1.0                    1.0          0
      2024      824.0                     0.0                    0.0          0
      2025      820.0                    12.0                   13.0          1
      <NA>     5930.0                    78.0                  116.0          3

## offset (stint boundary lap - 1 - nearest in-lap) in the flagged races
race_id  offset_laps  n
2018_15            0 21
2018_15           15  1
2018_15           13  1
2018_15           12  1
2018_18            0 20
2018_18            1  2
2018_18            3  1
2018_18            2  1
 2018_2            0 29
 2018_2            1  4
 2018_3           15  6
 2018_3           16  6
 2018_3           28  2
 2018_3           14  2
 2018_3           23  1
 2018_3           13  1
 2018_3           22  1
 2018_3            0  1
 2018_3           24  1
 2018_3           25  1
 2018_3           18  1
 2018_3           20  1
 2018_3           17  1
 2018_3           26  1
 2018_3           -5  1
 2020_1            0 34
 2020_1            4  2
 2020_1           -1  1
 2020_1            3  1
2022_11            0 23
2022_11            1  3
2022_11            2  2
2022_11            5  1
 2025_6            0  6
 2025_6            3  5
 2025_6            6  2
 2025_6            4  2
 2025_6            7  2
 2025_6            5  1

## ML rows in the three misaligned races
race_id  spine_rows  eligible  labelled_p50
 2018_3         433       364           151
2022_11        1116      1015           534
 2025_6         857       469           311

## eligible rows sitting on a stint that disagrees with the pit stops
race_id  eligible_rows  eligible_on_wrong_stint  labelled_on_wrong_stint
 2018_3            364                      258                      126
2022_11           1015                      373                      191
 2025_6            469                       29                        0
